[wp.gawibowo.com/headline-news/home/home-style-7/index.html]
[backblue.gif]
[fade.gif]
[index.html]
[wp.gawibowo.com/headline-news/wp-content/plugins/g7-shortcodes/css/shortcodes8eb3.css]
[wp.gawibowo.com/headline-news/home/home-style-7/feed/index.html]
[wp.gawibowo.com/headline-news/wp-content/themes/headline-news/css/bootstrap.min8eb3.css]
[wp.gawibowo.com/headline-news/wp-content/themes/headline-news/css/font-awesome.min8eb3.css]
[wp.gawibowo.com/headline-news/wp-content/themes/headline-news/css/flexslider8eb3.css]
[wp.gawibowo.com/headline-news/wp-content/themes/headline-news/style4e44.css]
[wp.gawibowo.com/headline-news/wp-content/themes/headline-news/css/prettyPhoto8eb3.css]
[wp.gawibowo.com/headline-news/wp-content/themes/headline-news/css/jquery.liScroll8eb3.css]
[wp.gawibowo.com/headline-news/wp-includes/js/jquery/jquery-migrate.min330a.js]
[wp.gawibowo.com/headline-news/wp-content/uploads/sites/2/2014/05/blurred17.png]
[wp.gawibowo.com/headline-news/wp-content/uploads/sites/2/2014/05/headline-news1.png]
[wp.gawibowo.com/headline-news/wp-content/uploads/sites/2/2014/02/tumblr_mzgzd79XMY1st5lhmo1_1280.jpg]
[wp.gawibowo.com/headline-news/wp-includes/js/jquery/jqueryb8ff.js]
[wp.gawibowo.com/headline-news/wp-content/uploads/sites/2/2014/02/tumblr_mzgzd79XMY1st5lhmo1_1280-270x180.jpg]
[wp.gawibowo.com/headline-news/wp-content/uploads/sites/2/2014/02/tumblr_mzgzcdEDTL1st5lhmo1_1280-270x180.jpg]
[wp.gawibowo.com/headline-news/wp-content/uploads/sites/2/2014/02/tumblr_n10n5ygMJI1st5lhmo1_1280-270x180.jpg]
[wp.gawibowo.com/headline-news/wp-content/uploads/sites/2/2014/03/picjumbo.com_IMG_0650-480x285.jpg]
[wp.gawibowo.com/headline-news/wp-content/uploads/sites/2/2014/03/tumblr_mwhd396nl71st5lhmo1_1280-480x285.jpg]
[wp.gawibowo.com/headline-news/wp-content/uploads/sites/2/2014/03/tumblr_mtavhdvESW1st5lhmo1_1280-480x285.jpg]
[wp.gawibowo.com/headline-news/wp-content/uploads/sites/2/2014/02/tumblr_mzgz8arzYo1st5lhmo1_1280-480x285.jpg]
[wp.gawibowo.com/headline-news/wp-content/uploads/sites/2/2014/03/tumblr_mufs8mix841st5lhmo1_1280-270x180.jpg]
[wp.gawibowo.com/headline-news/wp-content/uploads/sites/2/2014/02/tumblr_n10n4rpjvZ1st5lhmo1_1280-270x180.jpg]
[wp.gawibowo.com/headline-news/wp-content/uploads/sites/2/2014/02/tumblr_n0hpvtE8J11st5lhmo1_1280-270x180.jpg]
[wp.gawibowo.com/headline-news/wp-content/uploads/sites/2/2014/03/tumblr_mtagkyYVIT1st5lhmo1_1280-270x180.jpg]
[wp.gawibowo.com/headline-news/wp-content/uploads/sites/2/2014/03/tumblr_myebvrTkci1st5lhmo1_1280-270x180.jpg]
[wp.gawibowo.com/headline-news/wp-content/uploads/sites/2/2014/03/tumblr_n0hpwpZrVc1st5lhmo1_1280-270x180.jpg]
[wp.gawibowo.com/headline-news/wp-content/uploads/sites/2/2014/03/tumblr_mx3toqF8VU1st5lhmo1_1280-70x70.jpg]
[wp.gawibowo.com/headline-news/wp-content/uploads/sites/2/2014/03/tumblr_n0hpwpZrVc1st5lhmo1_1280-70x70.jpg]
[wp.gawibowo.com/headline-news/wp-content/uploads/sites/2/2014/02/tumblr_mzgz5jwouC1st5lhmo1_1280-480x285.jpg]
[wp.gawibowo.com/headline-news/wp-content/uploads/sites/2/2014/03/tumblr_mtavhdvESW1st5lhmo1_1280-70x70.jpg]
[wp.gawibowo.com/headline-news/wp-content/uploads/sites/2/2014/02/tumblr_n10n5ygMJI1st5lhmo1_1280-70x70.jpg]
[wp.gawibowo.com/headline-news/wp-content/uploads/sites/2/2014/03/picjumbo.com_IMG_8746-480x285.jpg]
[wp.gawibowo.com/headline-news/wp-content/uploads/sites/2/2014/02/tumblr_mzgz5jwouC1st5lhmo1_1280-70x70.jpg]
[wp.gawibowo.com/headline-news/wp-content/uploads/sites/2/2014/03/tumblr_mwhdglB25O1st5lhmo1_1280-70x70.jpg]
[wp.gawibowo.com/headline-news/wp-content/uploads/sites/2/2014/03/tumblr_mzgz2dmpvq1st5lhmo1_1280-70x70.jpg]
[wp.gawibowo.com/headline-news/wp-content/uploads/sites/2/2014/03/tumblr_mx3trrzUOJ1st5lhmo1_1280-70x70.jpg]
[wp.gawibowo.com/headline-news/wp-content/uploads/sites/2/2014/02/tumblr_mzzqzbLVlr1st5lhmo1_1280-263x170.jpg]
[wp.gawibowo.com/headline-news/wp-content/uploads/sites/2/2014/02/tumblr_n10n5ygMJI1st5lhmo1_1280-263x170.jpg]
[wp.gawibowo.com/headline-news/wp-content/uploads/sites/2/2014/03/tumblr_n0hpwpZrVc1st5lhmo1_1280-263x170.jpg]
[wp.gawibowo.com/headline-news/wp-content/uploads/sites/2/2014/02/tumblr_n10n3wfcrl1st5lhmo1_1280-263x170.jpg]
[wp.gawibowo.com/headline-news/wp-content/uploads/sites/2/2014/03/tumblr_mxrva40Plz1st5lhmo1_1280.jpg]
[wp.gawibowo.com/headline-news/wp-content/uploads/sites/2/2014/03/tumblr_mxrva40Plz1st5lhmo1_1280-263x170.jpg]
[wp.gawibowo.com/headline-news/wp-content/uploads/sites/2/2014/02/tumblr_n10n3wfcrl1st5lhmo1_1280-70x70.jpg]
[wp.gawibowo.com/headline-news/wp-content/uploads/sites/2/2014/03/tumblr_mxrva40Plz1st5lhmo1_1280-70x70.jpg]
[wp.gawibowo.com/headline-news/wp-content/uploads/sites/2/2014/02/tumblr_n0hpvtE8J11st5lhmo1_1280-70x70.jpg]
[wp.gawibowo.com/headline-news/wp-content/uploads/sites/2/2014/02/tumblr_n10n4rpjvZ1st5lhmo1_1280-70x70.jpg]
[wp.gawibowo.com/headline-news/wp-content/uploads/sites/2/2014/02/tumblr_mzgzcdEDTL1st5lhmo1_1280-70x70.jpg]
[wp.gawibowo.com/headline-news/wp-content/uploads/sites/2/2014/03/ads-250.png]
[wp.gawibowo.com/headline-news/wp-content/themes/headline-news/images/loading.png]
[wp.gawibowo.com/headline-news/wp-content/uploads/sites/2/2014/02/tumblr_mzzqzbLVlr1st5lhmo1_1280-70x70.jpg]
[wp.gawibowo.com/headline-news/wp-content/plugins/g7-shortcodes/js/shortcodes8eb3.js]
[wp.gawibowo.com/headline-news/wp-content/themes/headline-news/js/jquery.fitvids.js]
[wp.gawibowo.com/headline-news/wp-content/themes/headline-news/js/jquery.mobilemenu.js]
[wp.gawibowo.com/headline-news/wp-content/themes/headline-news/js/jquery.liScroll8eb3.js]
[wp.gawibowo.com/headline-news/wp-content/themes/headline-news/js/jquery.prettyPhoto.js]
[wp.gawibowo.com/headline-news/wp-includes/js/comment-reply.min8eb3.js]
[wp.gawibowo.com/headline-news/wp-content/themes/headline-news/js/jquery.flexslider-min8eb3.js]
[wp.gawibowo.com/headline-news/wp-content/themes/headline-news/js/retina.min8eb3.js]
[wp.gawibowo.com/headline-news/wp-content/themes/headline-news/js/scripts4e44.js]
[wp.gawibowo.com/headline-news/home/home-style-7/index.html]
[wp.gawibowo.com/headline-news/wp-includes/js/wp-embed.min8eb3.js]
[wp.gawibowo.com/headline-news/wp-content/plugins/g7-shortcodes/images/information-white.png]
[wp.gawibowo.com/headline-news/wp-content/plugins/g7-shortcodes/images/tick.png]
[wp.gawibowo.com/headline-news/wp-content/plugins/g7-shortcodes/images/exclamation-red.png]
[wp.gawibowo.com/headline-news/wp-content/plugins/g7-shortcodes/images/exclamation.png]
[wp.gawibowo.com/headline-news/wp-content/plugins/g7-shortcodes/images/globe-small.png]
[wp.gawibowo.com/headline-news/wp-content/plugins/g7-shortcodes/images/cross.png]
[wp.gawibowo.com/headline-news/wp-content/plugins/g7-shortcodes/images/plus.png]
[wp.gawibowo.com/headline-news/wp-content/plugins/g7-shortcodes/images/code-bg.png]
[wp.gawibowo.com/headline-news/wp-content/plugins/g7-shortcodes/images/acc-plus.gif]
[wp.gawibowo.com/headline-news/wp-content/plugins/g7-shortcodes/images/acc-min.gif]
[wp.gawibowo.com/headline-news/wp-content/plugins/g7-shortcodes/css/shortcodes8eb3.css]
[wp.gawibowo.com/headline-news/wp-content/themes/headline-news/css/bootstrap.min8eb3.css]
[wp.gawibowo.com/headline-news/wp-content/themes/headline-news/css/font-awesome.min8eb3.css]
[wp.gawibowo.com/headline-news/wp-content/themes/headline-news/css/fonts/flexslider-icon.eot]
[wp.gawibowo.com/headline-news/wp-content/themes/headline-news/css/fonts/flexslider-icond41d.eot]
[wp.gawibowo.com/headline-news/wp-content/themes/headline-news/css/fonts/flexslider-icon.woff]
[wp.gawibowo.com/headline-news/wp-content/themes/headline-news/css/fonts/flexslider-icon.ttf]
[wp.gawibowo.com/headline-news/wp-content/themes/headline-news/css/fonts/flexslider-icon.svg]
[wp.gawibowo.com/headline-news/wp-content/themes/headline-news/css/flexslider8eb3.css]
[wp.gawibowo.com/headline-news/wp-content/themes/headline-news/images/bg2.png]
[wp.gawibowo.com/headline-news/wp-content/themes/headline-news/images/bg1.png]
[wp.gawibowo.com/headline-news/wp-content/themes/headline-news/style4e44.css]
[wp.gawibowo.com/headline-news/wp-content/themes/headline-news/images/prettyPhoto/default/sprite.png]
[wp.gawibowo.com/headline-news/wp-content/themes/headline-news/images/prettyPhoto/default/sprite_x.png]
[wp.gawibowo.com/headline-news/wp-content/themes/headline-news/images/prettyPhoto/default/sprite_y.png]
[wp.gawibowo.com/headline-news/wp-content/themes/headline-news/images/prettyPhoto/default/sprite_next.png]
[wp.gawibowo.com/headline-news/wp-content/themes/headline-news/images/prettyPhoto/default/sprite_prev.png]
[wp.gawibowo.com/headline-news/wp-content/themes/headline-news/images/prettyPhoto/default/default_thumb.png]
[wp.gawibowo.com/headline-news/wp-content/themes/headline-news/images/prettyPhoto/default/loader.gif]
[wp.gawibowo.com/headline-news/wp-content/themes/headline-news/images/prettyPhoto/light_rounded/sprite.png]
[wp.gawibowo.com/headline-news/wp-content/themes/headline-news/images/prettyPhoto/light_rounded/btnNext.png]
[wp.gawibowo.com/headline-news/wp-content/themes/headline-news/images/prettyPhoto/light_rounded/btnPrevious.png]
[wp.gawibowo.com/headline-news/wp-content/themes/headline-news/images/prettyPhoto/light_rounded/loader.gif]
[wp.gawibowo.com/headline-news/wp-content/themes/headline-news/images/prettyPhoto/dark_rounded/sprite.png]
[wp.gawibowo.com/headline-news/wp-content/themes/headline-news/images/prettyPhoto/dark_rounded/contentPattern.png]
[wp.gawibowo.com/headline-news/wp-content/themes/headline-news/images/prettyPhoto/dark_rounded/btnNext.png]
[wp.gawibowo.com/headline-news/wp-content/themes/headline-news/images/prettyPhoto/dark_rounded/btnPrevious.png]
[wp.gawibowo.com/headline-news/wp-content/themes/headline-news/images/prettyPhoto/dark_rounded/loader.gif]
[wp.gawibowo.com/headline-news/wp-content/themes/headline-news/images/prettyPhoto/dark_square/loader.gif]
[wp.gawibowo.com/headline-news/wp-content/themes/headline-news/images/prettyPhoto/dark_square/sprite.png]
[wp.gawibowo.com/headline-news/wp-content/themes/headline-news/images/prettyPhoto/dark_square/btnNext.png]
[wp.gawibowo.com/headline-news/wp-content/themes/headline-news/images/prettyPhoto/dark_square/btnPrevious.png]
[wp.gawibowo.com/headline-news/wp-content/themes/headline-news/images/prettyPhoto/light_square/sprite.png]
[wp.gawibowo.com/headline-news/wp-content/themes/headline-news/images/prettyPhoto/light_square/btnNext.png]
[wp.gawibowo.com/headline-news/wp-content/themes/headline-news/images/prettyPhoto/light_square/btnPrevious.png]
[wp.gawibowo.com/headline-news/wp-content/themes/headline-news/images/prettyPhoto/facebook/sprite.png]
[wp.gawibowo.com/headline-news/wp-content/themes/headline-news/images/prettyPhoto/facebook/contentPatternTop.png]
[wp.gawibowo.com/headline-news/wp-content/themes/headline-news/images/prettyPhoto/facebook/contentPatternLeft.png]
[wp.gawibowo.com/headline-news/wp-content/themes/headline-news/images/prettyPhoto/facebook/contentPatternRight.png]
[wp.gawibowo.com/headline-news/wp-content/themes/headline-news/images/prettyPhoto/facebook/loader.gif]
[wp.gawibowo.com/headline-news/wp-content/themes/headline-news/images/prettyPhoto/facebook/btnNext.png]
[wp.gawibowo.com/headline-news/wp-content/themes/headline-news/images/prettyPhoto/facebook/btnPrevious.png]
[wp.gawibowo.com/headline-news/wp-content/themes/headline-news/images/prettyPhoto/facebook/contentPatternBottom.png]
[wp.gawibowo.com/headline-news/wp-content/themes/headline-news/images/prettyPhoto/facebook/default_thumbnail.gif]
[wp.gawibowo.com/headline-news/wp-content/themes/headline-news/css/prettyPhoto8eb3.css]
[wp.gawibowo.com/headline-news/wp-content/themes/headline-news/css/jquery.liScroll8eb3.css]
[wp.gawibowo.com/headline-news/wp-content/themes/headline-news/css/fonts/flexslider-icon.svg]
[wp.gawibowo.com/headline-news/wp-content/themes/headline-news/css/sprites.html]
